[33m[nodemon] 3.1.14[39m
[33m[nodemon] to restart at any time, enter `rs`[39m
[33m[nodemon] watching path(s): *.*[39m
[33m[nodemon] watching extensions: js,mjs,cjs,json[39m
[32m[nodemon] starting `node server.js`[39m
🚀 Server running on http://localhost:5000
📊 Environment: development
[32m[nodemon] restarting due to changes...[39m
[32m[nodemon] starting `node server.js`[39m
🚀 Server running on http://localhost:5000
📊 Environment: development
prisma:query SELECT "public"."users"."id", "public"."users"."email", "public"."users"."password", "public"."users"."full_name", "public"."users"."role"::text, "public"."users"."active", "public"."users"."created_at", "public"."users"."updated_at", "public"."users"."establishment_id" FROM "public"."users" WHERE ("public"."users"."email" = $1 AND 1=1) LIMIT $2 OFFSET $3
prisma:query SELECT "public"."users"."id", "public"."users"."email", "public"."users"."password", "public"."users"."full_name", "public"."users"."role"::text, "public"."users"."active", "public"."users"."created_at", "public"."users"."updated_at", "public"."users"."establishment_id" FROM "public"."users" WHERE ("public"."users"."id" = $1 AND 1=1) LIMIT $2 OFFSET $3
prisma:query INSERT INTO "public"."establishments" ("id","name","type","address","phone","created_at","updated_at") VALUES ($1,$2,CAST($3::text AS "public"."EstablishmentType"),$4,$5,$6,$7) RETURNING "public"."establishments"."id", "public"."establishments"."name", "public"."establishments"."type"::text, "public"."establishments"."address", "public"."establishments"."phone", "public"."establishments"."created_at", "public"."establishments"."updated_at"
prisma:error 
Invalid `prisma.establishment.create()` invocation in
C:\Users\Admin\Desktop\R-P-123\backend\controllers\establishmentController.js:17:54

  14   return res.status(400).json({ error: 'Неправильный тип заведения' });
  15 }
  16 
→ 17 const establishment = await prisma.establishment.create(
Error occurred during query execution:
ConnectorError(ConnectorError { user_facing_error: None, kind: QueryError(PostgresError { code: "42704", message: "тип \"public.EstablishmentType\" не существует", severity: "ОШИБКА", detail: None, column: None, hint: None }), transient: false })
Ошибка создания заведения: PrismaClientUnknownRequestError: 
Invalid `prisma.establishment.create()` invocation in
C:\Users\Admin\Desktop\R-P-123\backend\controllers\establishmentController.js:17:54

  14   return res.status(400).json({ error: 'Неправильный тип заведения' });
  15 }
  16 
→ 17 const establishment = await prisma.establishment.create(
Error occurred during query execution:
ConnectorError(ConnectorError { user_facing_error: None, kind: QueryError(PostgresError { code: "42704", message: "тип \"public.EstablishmentType\" не существует", severity: "ОШИБКА", detail: None, column: None, hint: None }), transient: false })
    at $n.handleRequestError (C:\Users\Admin\Desktop\R-P-123\backend\node_modules\@prisma\client\runtime\library.js:121:7505)
    at $n.handleAndLogRequestError (C:\Users\Admin\Desktop\R-P-123\backend\node_modules\@prisma\client\runtime\library.js:121:6623)
    at $n.request (C:\Users\Admin\Desktop\R-P-123\backend\node_modules\@prisma\client\runtime\library.js:121:6307)
    at async l (C:\Users\Admin\Desktop\R-P-123\backend\node_modules\@prisma\client\runtime\library.js:130:9633)
    at async exports.create (C:\Users\Admin\Desktop\R-P-123\backend\controllers\establishmentController.js:17:27) {
  clientVersion: '5.22.0'
}
prisma:query INSERT INTO "public"."establishments" ("id","name","type","address","phone","created_at","updated_at") VALUES ($1,$2,CAST($3::text AS "public"."EstablishmentType"),$4,$5,$6,$7) RETURNING "public"."establishments"."id", "public"."establishments"."name", "public"."establishments"."type"::text, "public"."establishments"."address", "public"."establishments"."phone", "public"."establishments"."created_at", "public"."establishments"."updated_at"
prisma:error 
Invalid `prisma.establishment.create()` invocation in
C:\Users\Admin\Desktop\R-P-123\backend\controllers\establishmentController.js:17:54

  14   return res.status(400).json({ error: 'Неправильный тип заведения' });
  15 }
  16 
→ 17 const establishment = await prisma.establishment.create(
Error occurred during query execution:
ConnectorError(ConnectorError { user_facing_error: None, kind: QueryError(PostgresError { code: "42704", message: "тип \"public.EstablishmentType\" не существует", severity: "ОШИБКА", detail: None, column: None, hint: None }), transient: false })
Ошибка создания заведения: PrismaClientUnknownRequestError: 
Invalid `prisma.establishment.create()` invocation in
C:\Users\Admin\Desktop\R-P-123\backend\controllers\establishmentController.js:17:54

  14   return res.status(400).json({ error: 'Неправильный тип заведения' });
  15 }
  16 
→ 17 const establishment = await prisma.establishment.create(
Error occurred during query execution:
ConnectorError(ConnectorError { user_facing_error: None, kind: QueryError(PostgresError { code: "42704", message: "тип \"public.EstablishmentType\" не существует", severity: "ОШИБКА", detail: None, column: None, hint: None }), transient: false })
    at $n.handleRequestError (C:\Users\Admin\Desktop\R-P-123\backend\node_modules\@prisma\client\runtime\library.js:121:7505)
    at $n.handleAndLogRequestError (C:\Users\Admin\Desktop\R-P-123\backend\node_modules\@prisma\client\runtime\library.js:121:6623)
    at $n.request (C:\Users\Admin\Desktop\R-P-123\backend\node_modules\@prisma\client\runtime\library.js:121:6307)
    at async l (C:\Users\Admin\Desktop\R-P-123\backend\node_modules\@prisma\client\runtime\library.js:130:9633)
    at async exports.create (C:\Users\Admin\Desktop\R-P-123\backend\controllers\establishmentController.js:17:27) {
  clientVersion: '5.22.0'
}
prisma:query INSERT INTO "public"."establishments" ("id","name","type","address","phone","created_at","updated_at") VALUES ($1,$2,CAST($3::text AS "public"."EstablishmentType"),$4,$5,$6,$7) RETURNING "public"."establishments"."id", "public"."establishments"."name", "public"."establishments"."type"::text, "public"."establishments"."address", "public"."establishments"."phone", "public"."establishments"."created_at", "public"."establishments"."updated_at"
prisma:error 
Invalid `prisma.establishment.create()` invocation in
C:\Users\Admin\Desktop\R-P-123\backend\controllers\establishmentController.js:17:54

  14   return res.status(400).json({ error: 'Неправильный тип заведения' });
  15 }
  16 
→ 17 const establishment = await prisma.establishment.create(
Error occurred during query execution:
ConnectorError(ConnectorError { user_facing_error: None, kind: QueryError(PostgresError { code: "42704", message: "тип \"public.EstablishmentType\" не существует", severity: "ОШИБКА", detail: None, column: None, hint: None }), transient: false })
Ошибка создания заведения: PrismaClientUnknownRequestError: 
Invalid `prisma.establishment.create()` invocation in
C:\Users\Admin\Desktop\R-P-123\backend\controllers\establishmentController.js:17:54

  14   return res.status(400).json({ error: 'Неправильный тип заведения' });
  15 }
  16 
→ 17 const establishment = await prisma.establishment.create(
Error occurred during query execution:
ConnectorError(ConnectorError { user_facing_error: None, kind: QueryError(PostgresError { code: "42704", message: "тип \"public.EstablishmentType\" не существует", severity: "ОШИБКА", detail: None, column: None, hint: None }), transient: false })
    at $n.handleRequestError (C:\Users\Admin\Desktop\R-P-123\backend\node_modules\@prisma\client\runtime\library.js:121:7505)
    at $n.handleAndLogRequestError (C:\Users\Admin\Desktop\R-P-123\backend\node_modules\@prisma\client\runtime\library.js:121:6623)
    at $n.request (C:\Users\Admin\Desktop\R-P-123\backend\node_modules\@prisma\client\runtime\library.js:121:6307)
    at async l (C:\Users\Admin\Desktop\R-P-123\backend\node_modules\@prisma\client\runtime\library.js:130:9633)
    at async exports.create (C:\Users\Admin\Desktop\R-P-123\backend\controllers\establishmentController.js:17:27) {
  clientVersion: '5.22.0'
}
prisma:query INSERT INTO "public"."establishments" ("id","name","type","address","phone","created_at","updated_at") VALUES ($1,$2,CAST($3::text AS "public"."EstablishmentType"),$4,$5,$6,$7) RETURNING "public"."establishments"."id", "public"."establishments"."name", "public"."establishments"."type"::text, "public"."establishments"."address", "public"."establishments"."phone", "public"."establishments"."created_at", "public"."establishments"."updated_at"
prisma:error 
Invalid `prisma.establishment.create()` invocation in
C:\Users\Admin\Desktop\R-P-123\backend\controllers\establishmentController.js:17:54

  14   return res.status(400).json({ error: 'Неправильный тип заведения' });
  15 }
  16 
→ 17 const establishment = await prisma.establishment.create(
Error occurred during query execution:
ConnectorError(ConnectorError { user_facing_error: None, kind: QueryError(PostgresError { code: "42704", message: "тип \"public.EstablishmentType\" не существует", severity: "ОШИБКА", detail: None, column: None, hint: None }), transient: false })
Ошибка создания заведения: PrismaClientUnknownRequestError: 
Invalid `prisma.establishment.create()` invocation in
C:\Users\Admin\Desktop\R-P-123\backend\controllers\establishmentController.js:17:54

  14   return res.status(400).json({ error: 'Неправильный тип заведения' });
  15 }
  16 
→ 17 const establishment = await prisma.establishment.create(
Error occurred during query execution:
ConnectorError(ConnectorError { user_facing_error: None, kind: QueryError(PostgresError { code: "42704", message: "тип \"public.EstablishmentType\" не существует", severity: "ОШИБКА", detail: None, column: None, hint: None }), transient: false })
    at $n.handleRequestError (C:\Users\Admin\Desktop\R-P-123\backend\node_modules\@prisma\client\runtime\library.js:121:7505)
    at $n.handleAndLogRequestError (C:\Users\Admin\Desktop\R-P-123\backend\node_modules\@prisma\client\runtime\library.js:121:6623)
    at $n.request (C:\Users\Admin\Desktop\R-P-123\backend\node_modules\@prisma\client\runtime\library.js:121:6307)
    at async l (C:\Users\Admin\Desktop\R-P-123\backend\node_modules\@prisma\client\runtime\library.js:130:9633)
    at async exports.create (C:\Users\Admin\Desktop\R-P-123\backend\controllers\establishmentController.js:17:27) {
  clientVersion: '5.22.0'
}
prisma:query SELECT 1
prisma:query SELECT "public"."users"."id", "public"."users"."email", "public"."users"."password", "public"."users"."full_name", "public"."users"."role"::text, "public"."users"."active", "public"."users"."created_at", "public"."users"."updated_at", "public"."users"."establishment_id" FROM "public"."users" WHERE ("public"."users"."email" = $1 AND 1=1) LIMIT $2 OFFSET $3
prisma:query SELECT "public"."users"."id", "public"."users"."email", "public"."users"."password", "public"."users"."full_name", "public"."users"."role"::text, "public"."users"."active", "public"."users"."created_at", "public"."users"."updated_at", "public"."users"."establishment_id" FROM "public"."users" WHERE ("public"."users"."email" = $1 AND 1=1) LIMIT $2 OFFSET $3
prisma:query SELECT 1
prisma:query SELECT "public"."users"."id", "public"."users"."email", "public"."users"."password", "public"."users"."full_name", "public"."users"."role"::text, "public"."users"."active", "public"."users"."created_at", "public"."users"."updated_at", "public"."users"."establishment_id" FROM "public"."users" WHERE ("public"."users"."email" = $1 AND 1=1) LIMIT $2 OFFSET $3
prisma:query INSERT INTO "public"."establishments" ("id","name","type","address","phone","created_at","updated_at") VALUES ($1,$2,CAST($3::text AS "public"."EstablishmentType"),$4,$5,$6,$7) RETURNING "public"."establishments"."id", "public"."establishments"."name", "public"."establishments"."type"::text, "public"."establishments"."address", "public"."establishments"."phone", "public"."establishments"."created_at", "public"."establishments"."updated_at"
prisma:error 
Invalid `prisma.establishment.create()` invocation in
C:\Users\Admin\Desktop\R-P-123\backend\controllers\authController.js:26:46

  23 
  24 let establishmentId = null;
  25 if (establishmentName && establishmentType) {
→ 26   const est = await prisma.establishment.create(
Error occurred during query execution:
ConnectorError(ConnectorError { user_facing_error: None, kind: QueryError(PostgresError { code: "42704", message: "тип \"public.EstablishmentType\" не существует", severity: "ОШИБКА", detail: None, column: None, hint: None }), transient: false })
Register error: PrismaClientUnknownRequestError: 
Invalid `prisma.establishment.create()` invocation in
C:\Users\Admin\Desktop\R-P-123\backend\controllers\authController.js:26:46

  23 
  24 let establishmentId = null;
  25 if (establishmentName && establishmentType) {
→ 26   const est = await prisma.establishment.create(
Error occurred during query execution:
ConnectorError(ConnectorError { user_facing_error: None, kind: QueryError(PostgresError { code: "42704", message: "тип \"public.EstablishmentType\" не существует", severity: "ОШИБКА", detail: None, column: None, hint: None }), transient: false })
    at $n.handleRequestError (C:\Users\Admin\Desktop\R-P-123\backend\node_modules\@prisma\client\runtime\library.js:121:7505)
    at $n.handleAndLogRequestError (C:\Users\Admin\Desktop\R-P-123\backend\node_modules\@prisma\client\runtime\library.js:121:6623)
    at $n.request (C:\Users\Admin\Desktop\R-P-123\backend\node_modules\@prisma\client\runtime\library.js:121:6307)
    at async l (C:\Users\Admin\Desktop\R-P-123\backend\node_modules\@prisma\client\runtime\library.js:130:9633)
    at async exports.register (C:\Users\Admin\Desktop\R-P-123\backend\controllers\authController.js:26:19) {
  clientVersion: '5.22.0'
}
prisma:query SELECT "public"."users"."id", "public"."users"."email", "public"."users"."full_name", "public"."users"."role"::text, "public"."users"."establishment_id", "public"."users"."created_at" FROM "public"."users" WHERE ("public"."users"."id" = $1 AND 1=1) LIMIT $2 OFFSET $3
